// Jest Snapshot v1, https://goo.gl/fbAQLP

exports[`Project component matches snapshot DOM node structure 1`] = `
<DocumentFragment>
  <div>
    Project
  </div>
</DocumentFragment>
`;
