// Jest Snapshot v1, https://goo.gl/fbAQLP

exports[`Navigation component matches snapshot DOM node structure 1`] = `
<DocumentFragment>
  <div>
    nav
  </div>
</DocumentFragment>
`;
