// Jest Snapshot v1, https://goo.gl/fbAQLP

exports[`Footer component matches snapshot DOM node structure 1`] = `
<DocumentFragment>
  <div>
    Footer
  </div>
</DocumentFragment>
`;
